// Jest Snapshot v1, https://goo.gl/fbAQLP

exports[`renders correclty 1`] = `
<div
  className="App"
>
  <div
    className="sidebar"
  >
    <img
      alt="Teamleader Logo"
      src="logo.svg"
    />
    <a
      className="side-item heading-1 heading"
      href="/"
      onClick={[Function]}
    >
      <svg
        className="side-item-icon"
        fill="currentColor"
        height="24"
        preserveAspectRatio="xMidYMid meet"
        style={
          Object {
            "color": undefined,
            "opacity": 0.84,
            "verticalAlign": "middle",
          }
        }
        viewBox="0 0 24 24"
        width="24"
      >
        <path
          d="M18 20c0-3.309-2.691-6-6-6s-6 2.691-6 6H4c0-4.411 3.589-8 8-8s8 3.589 8 8h-2zM4 20h2v1a1 1 0 01-2 0v-1zm14 0h2v1a1 1 0 01-2 0v-1zm-6-10a4 4 0 110-8 4 4 0 010 8zm0-2a2 2 0 100-4 2 2 0 000 4z"
          fillRule="evenodd"
        />
      </svg>
      Customers
    </a>
    <a
      className="side-item heading-1 heading"
      href="/orders"
      onClick={[Function]}
    >
      <svg
        className="side-item-icon"
        fill="currentColor"
        height="24"
        preserveAspectRatio="xMidYMid meet"
        style={
          Object {
            "color": undefined,
            "opacity": 0.84,
            "verticalAlign": "middle",
          }
        }
        viewBox="0 0 24 24"
        width="24"
      >
        <path
          clipRule="evenodd"
          d="M9 6H6v3h3V6zM4 4v7h7V4H4zm5 11H6v3h3v-3zm-5-2v7h7v-7H4zm14-7h-3v3h3V6zm-5-2v7h7V4h-7zm5 11h-3v3h3v-3zm-5-2v7h7v-7h-7z"
          fillRule="evenodd"
        />
      </svg>
      Orders
    </a>
    <a
      className="side-item heading-1 heading"
      href="/products"
      onClick={[Function]}
    >
      <svg
        className="side-item-icon"
        fill="currentColor"
        height="24"
        preserveAspectRatio="xMidYMid meet"
        style={
          Object {
            "color": undefined,
            "opacity": 0.84,
            "verticalAlign": "middle",
          }
        }
        viewBox="0 0 24 24"
        width="24"
      >
        <path
          d="M5 5v8h4V5H5zm6 4.9V13h3.1L11 9.9zm0-3.314l3.293-3.293a1 1 0 011.414 0l4.243 4.243a1 1 0 010 1.414L15.9 13H19a2 2 0 012 2v4a2 2 0 01-2 2H5a2 2 0 01-2-2v-4c0-.364.097-.706.268-1A1.99 1.99 0 013 13V5a2 2 0 012-2h4a2 2 0 012 2v1.586zM5 15v4h14v-4H5zm7.172-6.757L15 11.07l2.828-2.828L15 5.414l-2.828 2.829z"
        />
      </svg>
      Products
    </a>
  </div>
  <div
    className="content"
  >
    <div
      className="products-container"
    >
      <h1
        className="heading heading-1"
      >
        Products
      </h1>
      <div
        className="products-content"
      >
        <div
          className="products-header heading heading-2"
        >
          <strong>
            ID
          </strong>
          <strong>
            Description
          </strong>
          <strong>
            Category
          </strong>
          <strong>
            Price
          </strong>
          <strong>
            Add to order
          </strong>
        </div>
        <div
          className="card text text-display notification-card"
        >
          Nothing to show
        </div>
      </div>
    </div>
  </div>
</div>
`;
