// Jest Snapshot v1, https://goo.gl/fbAQLP

exports[`renders correclty 1`] = `
<div
  className="customers-container"
>
  <h1
    className="heading heading-1"
  >
    Customers
  </h1>
  <div
    className="customers-content"
  >
    <div
      className="customers-header heading heading-2"
    >
      <strong>
        ID
      </strong>
      <strong>
        Name
      </strong>
      <strong>
        Since
      </strong>
      <strong>
        Revenue
      </strong>
    </div>
    <div
      className="card text text-display notification-card"
    >
      Nothing to show
    </div>
  </div>
</div>
`;
